metadata:
  annotations:
    bar: "456"
    foo: foo
  creationTimestamp: null
  generateName: test-buildkit-
  labels:
    app.kubernetes.io/name: buildkit
    bar: bar
    foo: "123"
  namespace: test-ns
spec:
  containers:
  - args:
    - --addr
    - unix:///run/buildkit/buildkitd.sock
    - --addr
    - tcp://0.0.0.0:1234
    image: moby/buildkit:latest
    livenessProbe:
      failureThreshold: 6
      grpc:
        port: 1234
        service: null
      initialDelaySeconds: 5
      periodSeconds: 30
      timeoutSeconds: 3
    name: buildkit
    ports:
    - containerPort: 1234
      name: tcp
      protocol: TCP
    readinessProbe:
      failureThreshold: 2
      grpc:
        port: 1234
        service: null
      initialDelaySeconds: 5
      periodSeconds: 15
    resources: {}
    securityContext:
      privileged: true
    volumeMounts:
    - mountPath: /var/lib/buildkit
      name: buildkitd
  volumes:
  - emptyDir: {}
    name: buildkitd
status: {}
